// Jest Snapshot v1, https://goo.gl/fbAQLP

exports[`<Game /> it renders 1`] = `
<article
  class="sc-iwsKbI bCWdSU"
>
  <div
    class="sc-gZMcBi cdJWWr"
    style="background-image:url('https://images.unsplash.com/photo-1562819789-fd366076971a?ixlib=rb-1.2.1&auto=format&fit=crop&w=1650&q=80')"
  />
  <div
    class="sc-bZQynM jTXKpG"
  >
    <div
      class="sc-jzJRlG fcSxCN"
    >
      <h2
        class="sc-bwzfXH czBpvq"
      >
        Title
      </h2>
      <p
        class="sc-VigVT bNtpsr"
      >
        No description found.
      </p>
    </div>
  </div>
  <div
    class="sc-htoDjs gSrElP"
  />
  <div
    class="sc-bZQynM jTXKpG"
  >
    <div
      class="sc-fjdhpX kHyemL"
    >
      <div
        class="sc-jTzLTM fXFYMA"
      >
        $0
      </div>
      <small
        class="typography__align--right sc-cSHVUG hdhyAz"
      >
        Was $0, save $0
      </small>
    </div>
    <div
      class="sc-fjdhpX kHyemL"
    >
      <div>
        <button
          class="sc-ifAKCX ewMubd"
          type="button"
        >
          Add to cart
        </button>
      </div>
      <div
        class="typography__align--right"
      >
        <button
          class="sc-dnqmqq ltTAv"
          type="button"
        >
          Save to wishlist
        </button>
      </div>
    </div>
  </div>
</article>
`;
